---
source: src/insta.rs
assertion_line: 28
expression: "String::from_utf8_lossy(&chunk_print)"
---
==== foo ====
 offset | line | opcode           | constants
 000000 | 0006 | OP_GET_UPVALUE   | 0
 000002 | 0006 | OP_PRINT         |
 000003 | 0007 | OP_NIL           |
 000004 | 0007 | OP_RETURN        |

